// Jest Snapshot v1, https://goo.gl/fbAQLP

exports[`renders correctly 1`] = `
<RCTSafeAreaView
  style={
    {
      "backgroundColor": "#f5f5dc",
      "height": "100%",
    }
  }
>
  <RCTScrollView
    contentInsetAdjustmentBehavior="automatic"
  >
    <View>
      <View>
        <Text>
          We3World Login Page
        </Text>
      </View>
    </View>
  </RCTScrollView>
</RCTSafeAreaView>
`;
